[2025-04-30T06:40:21.349112+00:00] main.ERROR: Current version of RDBMS is not supported. Used Version: 10.11.11-MariaDB-ubu2204. Supported versions: MySQL-8, MySQL-8.4, MySQL-5.7, MariaDB-(10.2-10.6), MariaDB-11.4
#0 /var/www/html/magento/vendor/magento/framework/DB/Adapter/SqlVersionProvider.php(93): Magento\Framework\DB\Adapter\SqlVersionProvider->getVersionString('default')
#1 /var/www/html/magento/vendor/magento/framework/DB/Adapter/SqlVersionProvider.php(191): Magento\Framework\DB\Adapter\SqlVersionProvider->getSqlVersion()
#2 /var/www/html/magento/vendor/magento/framework/DB/Adapter/SqlVersionProvider.php(148): Magento\Framework\DB\Adapter\SqlVersionProvider->isMariaDbEngine()
#3 /var/www/html/magento/vendor/magento/framework/Setup/Declaration/Schema/Dto/Factories/Table.php(129): Magento\Framework\DB\Adapter\SqlVersionProvider->isMysqlGte8029()
#4 /var/www/html/magento/vendor/magento/framework/DB/Adapter/Pdo/Mysql.php(4324): Magento\Framework\Setup\Declaration\Schema\Dto\Factories\Table->getDefaultCharset()
#5 /var/www/html/magento/vendor/magento/framework/DB/Adapter/Pdo/Mysql.php(2454): Magento\Framework\DB\Adapter\Pdo\Mysql->setDefaultCharsetAndCollation('varchar(50)', '  `module` varc...', 2)
#6 /var/www/html/magento/vendor/magento/framework/DB/Adapter/Pdo/Mysql.php(2317): Magento\Framework\DB\Adapter\Pdo\Mysql->_getColumnsDefinition(Object(Magento\Framework\DB\Ddl\Table))
#7 /var/www/html/magento/generated/code/Magento/Framework/DB/Adapter/Pdo/Mysql/Interceptor.php(419): Magento\Framework\DB\Adapter\Pdo\Mysql->createTable(Object(Magento\Framework\DB\Ddl\Table))
#8 /var/www/html/magento/setup/src/Magento/Setup/Model/Installer.php(661): Magento\Framework\DB\Adapter\Pdo\Mysql\Interceptor->createTable(Object(Magento\Framework\DB\Ddl\Table))
#9 /var/www/html/magento/setup/src/Magento/Setup/Model/Installer.php(967): Magento\Setup\Model\Installer->setupModuleRegistry(Object(Magento\Setup\Module\Setup))
#10 [internal function]: Magento\Setup\Model\Installer->installSchema(Array)
#11 /var/www/html/magento/setup/src/Magento/Setup/Model/Installer.php(422): call_user_func_array(Array, Array)
#12 /var/www/html/magento/setup/src/Magento/Setup/Console/Command/InstallCommand.php(239): Magento\Setup\Model\Installer->install(Array)
#13 /var/www/html/magento/vendor/symfony/console/Command/Command.php(326): Magento\Setup\Console\Command\InstallCommand->execute(Object(Symfony\Component\Console\Input\ArgvInput), Object(Symfony\Component\Console\Output\ConsoleOutput))
#14 /var/www/html/magento/vendor/symfony/console/Application.php(1078): Symfony\Component\Console\Command\Command->run(Object(Symfony\Component\Console\Input\ArgvInput), Object(Symfony\Component\Console\Output\ConsoleOutput))
#15 /var/www/html/magento/vendor/symfony/console/Application.php(324): Symfony\Component\Console\Application->doRunCommand(Object(Magento\Setup\Console\Command\InstallCommand), Object(Symfony\Component\Console\Input\ArgvInput), Object(Symfony\Component\Console\Output\ConsoleOutput))
#16 /var/www/html/magento/vendor/magento/framework/Console/Cli.php(122): Symfony\Component\Console\Application->doRun(Object(Symfony\Component\Console\Input\ArgvInput), Object(Symfony\Component\Console\Output\ConsoleOutput))
#17 /var/www/html/magento/vendor/symfony/console/Application.php(175): Magento\Framework\Console\Cli->doRun(Object(Symfony\Component\Console\Input\ArgvInput), Object(Symfony\Component\Console\Output\ConsoleOutput))
#18 /var/www/html/magento/bin/magento(23): Symfony\Component\Console\Application->run()
#19 {main} [] []
