[2025-04-30T05:23:37.732757+00:00] main.ERROR: Error: Application is not installed yet.  [] []
[2025-04-30T05:24:25.400978+00:00] main.ERROR: Error: Application is not installed yet.  [] []
[2025-04-30T05:24:58.423675+00:00] main.ERROR: Error: Application is not installed yet.  [] []
[2025-04-30T05:25:19.164714+00:00] main.ERROR: Error: Application is not installed yet.  [] []
[2025-04-30T05:25:38.731584+00:00] main.ERROR: Error: Application is not installed yet.  [] []
[2025-04-30T05:26:03.688762+00:00] main.ERROR: Error: Application is not installed yet.  [] []
[2025-04-30T05:26:26.189176+00:00] main.ERROR: Error: Application is not installed yet.  [] []
[2025-04-30T05:26:53.757307+00:00] main.ERROR: Error: Application is not installed yet.  [] []
[2025-04-30T05:27:30.123630+00:00] main.ERROR: Error: Application is not installed yet.  [] []
[2025-04-30T05:27:56.515662+00:00] main.ERROR: Error: Application is not installed yet.  [] []
[2025-04-30T05:28:27.393635+00:00] main.ERROR: Error: Application is not installed yet.  [] []
[2025-04-30T05:29:04.167461+00:00] main.ERROR: Error: Application is not installed yet.  [] []
[2025-04-30T05:29:34.602338+00:00] main.ERROR: Error: Application is not installed yet.  [] []
[2025-04-30T05:30:04.494019+00:00] main.ERROR: Error: Application is not installed yet.  [] []
[2025-04-30T05:30:36.162326+00:00] main.ERROR: Error: Application is not installed yet.  [] []
[2025-04-30T05:31:07.289267+00:00] main.ERROR: Error: Application is not installed yet.  [] []
[2025-04-30T05:31:42.701876+00:00] main.ERROR: Error: Application is not installed yet.  [] []
[2025-04-30T05:32:13.737332+00:00] main.ERROR: Error: Application is not installed yet.  [] []
[2025-04-30T05:32:50.580889+00:00] main.ERROR: Error: Application is not installed yet.  [] []
[2025-04-30T05:33:27.673045+00:00] main.ERROR: Error: Application is not installed yet.  [] []
[2025-04-30T05:34:08.965381+00:00] main.ERROR: Error: Application is not installed yet.  [] []
[2025-04-30T05:34:48.446753+00:00] main.ERROR: Error: Application is not installed yet.  [] []
[2025-04-30T05:37:58.467154+00:00] main.ERROR: Error: Application is not installed yet.  [] []
[2025-04-30T05:38:39.536363+00:00] main.ERROR: Error: Application is not installed yet.  [] []
[2025-04-30T05:39:12.818189+00:00] main.ERROR: Error: Application is not installed yet.  [] []
[2025-04-30T05:39:44.546814+00:00] main.ERROR: Error: Application is not installed yet.  [] []
[2025-04-30T05:40:19.061220+00:00] main.ERROR: Error: Application is not installed yet.  [] []
[2025-04-30T05:40:54.684141+00:00] main.ERROR: Error: Application is not installed yet.  [] []
[2025-04-30T05:41:36.831713+00:00] main.ERROR: Error: Application is not installed yet.  [] []
[2025-04-30T05:42:14.553530+00:00] main.ERROR: Error: Application is not installed yet.  [] []
[2025-04-30T05:42:52.365480+00:00] main.ERROR: Error: Application is not installed yet.  [] []
[2025-04-30T05:43:22.467537+00:00] main.ERROR: Error: Application is not installed yet.  [] []
[2025-04-30T05:44:00.642599+00:00] main.ERROR: Error: Application is not installed yet.  [] []
[2025-04-30T05:44:38.594387+00:00] main.ERROR: Error: Application is not installed yet.  [] []
[2025-04-30T05:45:25.623959+00:00] main.ERROR: Error: Application is not installed yet.  [] []
[2025-04-30T05:46:00.883397+00:00] main.ERROR: Error: Application is not installed yet.  [] []
[2025-04-30T05:46:24.785865+00:00] main.ERROR: Error: Application is not installed yet.  [] []
[2025-04-30T05:46:57.663282+00:00] main.ERROR: Error: Application is not installed yet.  [] []
[2025-04-30T05:47:36.418340+00:00] main.ERROR: Error: Application is not installed yet.  [] []
[2025-04-30T05:48:29.017994+00:00] main.ERROR: Error: Application is not installed yet.  [] []
[2025-04-30T05:49:08.980038+00:00] main.ERROR: Error: Application is not installed yet.  [] []
[2025-04-30T05:49:42.726397+00:00] main.ERROR: Error: Application is not installed yet.  [] []
[2025-04-30T05:50:09.181253+00:00] main.ERROR: Error: Application is not installed yet.  [] []
[2025-04-30T05:50:43.143106+00:00] main.ERROR: Error: Application is not installed yet.  [] []
[2025-04-30T05:51:10.550266+00:00] main.ERROR: Error: Application is not installed yet.  [] []
[2025-04-30T05:51:53.410774+00:00] main.ERROR: Error: Application is not installed yet.  [] []
[2025-04-30T05:52:07.780013+00:00] main.ERROR: Error: Application is not installed yet.  [] []
[2025-04-30T05:52:56.976624+00:00] main.ERROR: Error: Application is not installed yet.  [] []
[2025-04-30T05:53:30.037701+00:00] main.ERROR: Error: Application is not installed yet.  [] []
[2025-04-30T05:54:06.163000+00:00] main.ERROR: Error: Application is not installed yet.  [] []
[2025-04-30T05:54:39.236004+00:00] main.ERROR: Error: Application is not installed yet.  [] []
[2025-04-30T05:55:02.883960+00:00] main.ERROR: Error: Application is not installed yet.  [] []
[2025-04-30T05:55:32.154405+00:00] main.ERROR: Error: Application is not installed yet.  [] []
[2025-04-30T05:56:01.730502+00:00] main.ERROR: Error: Application is not installed yet.  [] []
[2025-04-30T05:56:30.464208+00:00] main.ERROR: Error: Application is not installed yet.  [] []
[2025-04-30T05:57:02.455731+00:00] main.ERROR: Error: Application is not installed yet.  [] []
[2025-04-30T05:57:32.976330+00:00] main.ERROR: Error: Application is not installed yet.  [] []
[2025-04-30T05:58:00.666510+00:00] main.ERROR: Error: Application is not installed yet.  [] []
[2025-04-30T05:58:30.974061+00:00] main.ERROR: Error: Application is not installed yet.  [] []
[2025-04-30T05:59:07.555494+00:00] main.ERROR: Error: Application is not installed yet.  [] []
[2025-04-30T05:59:38.789393+00:00] main.ERROR: Error: Application is not installed yet.  [] []
[2025-04-30T06:00:13.004018+00:00] main.ERROR: Error: Application is not installed yet.  [] []
[2025-04-30T06:20:27.736522+00:00] main.ERROR: Error: Application is not installed yet.  [] []
[2025-04-30T06:20:59.618114+00:00] main.ERROR: Error: Application is not installed yet.  [] []
[2025-04-30T06:21:17.186056+00:00] main.ERROR: Error: Application is not installed yet.  [] []
[2025-04-30T06:21:52.034142+00:00] main.ERROR: Error: Application is not installed yet.  [] []
[2025-04-30T06:22:19.788020+00:00] main.ERROR: Error: Application is not installed yet.  [] []
[2025-04-30T06:22:43.231535+00:00] main.ERROR: Error: Application is not installed yet.  [] []
[2025-04-30T06:23:10.113490+00:00] main.ERROR: Error: Application is not installed yet.  [] []
[2025-04-30T06:23:41.410327+00:00] main.ERROR: Error: Application is not installed yet.  [] []
[2025-04-30T06:24:16.893535+00:00] main.ERROR: Error: Application is not installed yet.  [] []
[2025-04-30T06:24:47.095125+00:00] main.ERROR: Error: Application is not installed yet.  [] []
[2025-04-30T06:25:29.346050+00:00] main.ERROR: Error: Application is not installed yet.  [] []
[2025-04-30T06:25:59.335983+00:00] main.ERROR: Error: Application is not installed yet.  [] []
[2025-04-30T06:26:33.705543+00:00] main.ERROR: Error: Application is not installed yet.  [] []
[2025-04-30T06:27:03.062949+00:00] main.ERROR: Error: Application is not installed yet.  [] []
[2025-04-30T06:27:37.245317+00:00] main.ERROR: Error: Application is not installed yet.  [] []
[2025-04-30T06:28:09.730905+00:00] main.ERROR: Error: Application is not installed yet.  [] []
[2025-04-30T06:28:42.736654+00:00] main.ERROR: Error: Application is not installed yet.  [] []
[2025-04-30T06:29:19.478434+00:00] main.ERROR: Error: Application is not installed yet.  [] []
[2025-04-30T06:29:59.257348+00:00] main.ERROR: Error: Application is not installed yet.  [] []
[2025-04-30T06:30:31.010782+00:00] main.ERROR: Error: Application is not installed yet.  [] []
[2025-04-30T06:31:01.941706+00:00] main.ERROR: Error: Application is not installed yet.  [] []
[2025-04-30T06:31:31.940228+00:00] main.ERROR: Error: Application is not installed yet.  [] []
[2025-04-30T06:32:04.923269+00:00] main.ERROR: Error: Application is not installed yet.  [] []
[2025-04-30T06:32:41.026946+00:00] main.ERROR: Error: Application is not installed yet.  [] []
[2025-04-30T06:33:12.641519+00:00] main.ERROR: Error: Application is not installed yet.  [] []
[2025-04-30T06:33:51.343123+00:00] main.ERROR: Error: Application is not installed yet.  [] []
[2025-04-30T06:34:26.483046+00:00] main.ERROR: Error: Application is not installed yet.  [] []
[2025-04-30T06:35:03.072449+00:00] main.ERROR: Error: Application is not installed yet.  [] []
[2025-04-30T06:35:38.107117+00:00] main.ERROR: Error: Application is not installed yet.  [] []
[2025-04-30T06:36:06.305467+00:00] main.ERROR: Error: Application is not installed yet.  [] []
[2025-04-30T06:36:37.585617+00:00] main.ERROR: Error: Application is not installed yet.  [] []
[2025-04-30T06:37:11.914143+00:00] main.ERROR: Error: Application is not installed yet.  [] []
[2025-04-30T06:37:47.931059+00:00] main.ERROR: Error: Application is not installed yet.  [] []
[2025-04-30T06:38:19.921809+00:00] main.ERROR: Error: Application is not installed yet.  [] []
[2025-04-30T06:38:52.611514+00:00] main.ERROR: Error: Application is not installed yet.  [] []
[2025-04-30T06:39:31.355060+00:00] main.ERROR: Error: Application is not installed yet.  [] []
[2025-04-30T06:40:04.697618+00:00] main.ERROR: Error: Application is not installed yet.  [] []
[2025-04-30T06:40:41.973773+00:00] main.ERROR: Error: Application is not installed yet.  [] []
[2025-04-30T06:41:05.648595+00:00] main.ERROR: Error: Application is not installed yet.  [] []
[2025-04-30T06:41:36.055990+00:00] main.ERROR: Error: Application is not installed yet.  [] []
[2025-04-30T06:42:08.266234+00:00] main.ERROR: Error: Application is not installed yet.  [] []
[2025-04-30T06:42:41.818421+00:00] main.ERROR: Error: Application is not installed yet.  [] []
[2025-04-30T06:43:13.603484+00:00] main.ERROR: Error: Application is not installed yet.  [] []
[2025-04-30T06:43:48.120445+00:00] main.ERROR: Error: Application is not installed yet.  [] []
[2025-04-30T06:44:23.340181+00:00] main.ERROR: Error: Application is not installed yet.  [] []
[2025-04-30T06:44:56.495573+00:00] main.ERROR: Error: Application is not installed yet.  [] []
[2025-04-30T06:45:31.110148+00:00] main.ERROR: Error: Application is not installed yet.  [] []
[2025-04-30T06:46:04.360793+00:00] main.ERROR: Error: Application is not installed yet.  [] []
[2025-04-30T06:46:36.012474+00:00] main.ERROR: Error: Application is not installed yet.  [] []
[2025-04-30T06:47:10.212003+00:00] main.ERROR: Error: Application is not installed yet.  [] []
[2025-04-30T06:47:41.963697+00:00] main.ERROR: Error: Application is not installed yet.  [] []
[2025-04-30T06:48:21.742036+00:00] main.ERROR: Error: Application is not installed yet.  [] []
[2025-04-30T06:48:58.145893+00:00] main.ERROR: Error: Application is not installed yet.  [] []
[2025-04-30T06:49:28.403492+00:00] main.ERROR: Error: Application is not installed yet.  [] []
[2025-04-30T06:50:00.482490+00:00] main.ERROR: Error: Application is not installed yet.  [] []
[2025-04-30T06:50:37.457733+00:00] main.ERROR: Error: Application is not installed yet.  [] []
[2025-04-30T07:01:09.094493+00:00] main.ERROR: MySQL connection failed: SQLSTATE[HY000] [2002] Connection refused [] []
[2025-04-30T07:01:09.094331+00:00] main.ERROR: MySQL connection failed: SQLSTATE[HY000] [2002] Connection refused [] []
[2025-04-30T07:01:09.180184+00:00] main.ERROR: MySQL connection failed: SQLSTATE[HY000] [2002] Connection refused [] []
[2025-04-30T07:01:09.094128+00:00] main.ERROR: MySQL connection failed: SQLSTATE[HY000] [2002] Connection refused [] []
[2025-04-30T07:01:09.358323+00:00] main.ERROR: MySQL connection failed: SQLSTATE[HY000] [2002] Connection refused [] []
[2025-04-30T07:01:10.489299+00:00] main.ERROR: Error: Application is not installed yet.  [] []
[2025-04-30T07:01:20.070428+00:00] main.ERROR: MySQL connection failed: SQLSTATE[HY000] [2002] php_network_getaddresses: getaddrinfo for mysql-db failed: Name or service not known [] []
[2025-04-30T07:01:34.023833+00:00] main.CRITICAL: PDOException: SQLSTATE[HY000] [2002] Connection refused in /var/www/html/vendor/magento/zend-db/library/Zend/Db/Adapter/Pdo/Abstract.php:128
Stack trace:
#0 /var/www/html/vendor/magento/zend-db/library/Zend/Db/Adapter/Pdo/Abstract.php(128): PDO->__construct('mysql:host=mysq...', 'root', Object(SensitiveParameterValue), Array)
#1 /var/www/html/vendor/magento/zend-db/library/Zend/Db/Adapter/Pdo/Mysql.php(111): Zend_Db_Adapter_Pdo_Abstract->_connect()
#2 /var/www/html/vendor/magento/framework/DB/Adapter/Pdo/Mysql.php(512): Zend_Db_Adapter_Pdo_Mysql->_connect()
#3 /var/www/html/vendor/magento/zend-db/library/Zend/Db/Adapter/Abstract.php(460): Magento\Framework\DB\Adapter\Pdo\Mysql->_connect()
#4 /var/www/html/vendor/magento/zend-db/library/Zend/Db/Adapter/Pdo/Abstract.php(242): Zend_Db_Adapter_Abstract->query('SELECT `main_ta...', Array)
#5 /var/www/html/vendor/magento/framework/DB/Adapter/Pdo/Mysql.php(641): Zend_Db_Adapter_Pdo_Abstract->query('SELECT `main_ta...', Array)
#6 /var/www/html/vendor/magento/framework/DB/Adapter/Pdo/Mysql.php(667): Magento\Framework\DB\Adapter\Pdo\Mysql->Magento\Framework\DB\Adapter\Pdo\{closure}()
#7 /var/www/html/vendor/magento/framework/DB/Adapter/Pdo/Mysql.php(641): Magento\Framework\DB\Adapter\Pdo\Mysql->performQuery(Object(Closure))
#8 /var/www/html/vendor/magento/framework/DB/Adapter/Pdo/Mysql.php(731): Magento\Framework\DB\Adapter\Pdo\Mysql->_query('SELECT `main_ta...', Array)
#9 /var/www/html/generated/code/Magento/Framework/DB/Adapter/Pdo/Mysql/Interceptor.php(95): Magento\Framework\DB\Adapter\Pdo\Mysql->query(Object(Magento\Framework\DB\Select), Array)
#10 /var/www/html/vendor/magento/zend-db/library/Zend/Db/Adapter/Abstract.php(737): Magento\Framework\DB\Adapter\Pdo\Mysql\Interceptor->query(Object(Magento\Framework\DB\Select), Array)
#11 /var/www/html/generated/code/Magento/Framework/DB/Adapter/Pdo/Mysql/Interceptor.php(1094): Zend_Db_Adapter_Abstract->fetchAll(Object(Magento\Framework\DB\Select), Array, 2)
#12 /var/www/html/vendor/magento/framework/Data/Collection/Db/FetchStrategy/Query.php(21): Magento\Framework\DB\Adapter\Pdo\Mysql\Interceptor->fetchAll(Object(Magento\Framework\DB\Select), Array)
#13 /var/www/html/vendor/magento/framework/Data/Collection/AbstractDb.php(1036): Magento\Framework\Data\Collection\Db\FetchStrategy\Query->fetchAll(Object(Magento\Framework\DB\Select), Array)
#14 /var/www/html/vendor/magento/framework/Data/Collection/AbstractDb.php(925): Magento\Framework\Data\Collection\AbstractDb->_fetchAll(Object(Magento\Framework\DB\Select))
#15 /var/www/html/generated/code/Magento/Config/Model/ResourceModel/Config/Data/Collection/Interceptor.php(347): Magento\Framework\Data\Collection\AbstractDb->getData()
#16 /var/www/html/vendor/magento/framework/Data/Collection/AbstractDb.php(818): Magento\Config\Model\ResourceModel\Config\Data\Collection\Interceptor->getData()
#17 /var/www/html/generated/code/Magento/Config/Model/ResourceModel/Config/Data/Collection/Interceptor.php(329): Magento\Framework\Data\Collection\AbstractDb->loadWithFilter(false, false)
#18 /var/www/html/vendor/magento/framework/Data/Collection/AbstractDb.php(802): Magento\Config\Model\ResourceModel\Config\Data\Collection\Interceptor->loadWithFilter(false, false)
#19 /var/www/html/generated/code/Magento/Config/Model/ResourceModel/Config/Data/Collection/Interceptor.php(320): Magento\Framework\Data\Collection\AbstractDb->load(false, false)
#20 /var/www/html/vendor/magento/module-config/App/Config/Source/RuntimeConfigSource.php(89): Magento\Config\Model\ResourceModel\Config\Data\Collection\Interceptor->load()
#21 /var/www/html/vendor/magento/module-config/App/Config/Source/RuntimeConfigSource.php(72): Magento\Config\App\Config\Source\RuntimeConfigSource->loadConfig()
#22 /var/www/html/vendor/magento/framework/App/Config/ConfigSourceAggregated.php(42): Magento\Config\App\Config\Source\RuntimeConfigSource->get('')
#23 /var/www/html/vendor/magento/module-config/App/Config/Type/System/Reader.php(60): Magento\Framework\App\Config\ConfigSourceAggregated->get()
#24 /var/www/html/generated/code/Magento/Config/App/Config/Type/System/Reader/Proxy.php(105): Magento\Config\App\Config\Type\System\Reader->read()
#25 /var/www/html/vendor/magento/module-config/App/Config/Type/System.php(436): Magento\Config\App\Config\Type\System\Reader\Proxy->read()
#26 /var/www/html/vendor/magento/module-config/App/Config/Type/System.php(269): Magento\Config\App\Config\Type\System->readData()
#27 /var/www/html/vendor/magento/module-config/App/Config/Type/System.php(214): Magento\Config\App\Config\Type\System->loadDefaultScopeData()
#28 /var/www/html/vendor/magento/module-config/App/Config/Type/System.php(189): Magento\Config\App\Config\Type\System->getWithParts('default/newreli...')
#29 /var/www/html/vendor/magento/framework/App/Config.php(121): Magento\Config\App\Config\Type\System->get('default/newreli...')
#30 /var/www/html/vendor/magento/framework/App/Config.php(74): Magento\Framework\App\Config->get('system', 'default/newreli...')
#31 /var/www/html/vendor/magento/framework/App/Config.php(82): Magento\Framework\App\Config->getValue('newrelicreporti...', 'default', NULL)
#32 /var/www/html/vendor/magento/module-new-relic-reporting/Model/Config.php(94): Magento\Framework\App\Config->isSetFlag('newrelicreporti...')
#33 /var/www/html/vendor/magento/module-new-relic-reporting/Plugin/HttpPlugin.php(49): Magento\NewRelicReporting\Model\Config->isNewRelicEnabled()
#34 /var/www/html/vendor/magento/framework/Interception/Interceptor.php(121): Magento\NewRelicReporting\Plugin\HttpPlugin->beforeCatchException(Object(Magento\Framework\App\Http\Interceptor), Object(Magento\Framework\App\Bootstrap), Object(Exception))
#35 /var/www/html/vendor/magento/framework/Interception/Interceptor.php(153): Magento\Framework\App\Http\Interceptor->Magento\Framework\Interception\{closure}(Object(Magento\Framework\App\Bootstrap), Object(Exception))
#36 /var/www/html/generated/code/Magento/Framework/App/Http/Interceptor.php(32): Magento\Framework\App\Http\Interceptor->___callPlugins('catchException', Array, Array)
#37 /var/www/html/vendor/magento/framework/App/Bootstrap.php(270): Magento\Framework\App\Http\Interceptor->catchException(Object(Magento\Framework\App\Bootstrap), Object(Exception))
#38 /var/www/html/pub/index.php(30): Magento\Framework\App\Bootstrap->run(Object(Magento\Framework\App\Http\Interceptor))
#39 {main}

Next Zend_Db_Adapter_Exception: SQLSTATE[HY000] [2002] Connection refused in /var/www/html/vendor/magento/zend-db/library/Zend/Db/Adapter/Pdo/Abstract.php:148
Stack trace:
#0 /var/www/html/vendor/magento/zend-db/library/Zend/Db/Adapter/Pdo/Mysql.php(111): Zend_Db_Adapter_Pdo_Abstract->_connect()
#1 /var/www/html/vendor/magento/framework/DB/Adapter/Pdo/Mysql.php(512): Zend_Db_Adapter_Pdo_Mysql->_connect()
#2 /var/www/html/vendor/magento/zend-db/library/Zend/Db/Adapter/Abstract.php(460): Magento\Framework\DB\Adapter\Pdo\Mysql->_connect()
#3 /var/www/html/vendor/magento/zend-db/library/Zend/Db/Adapter/Pdo/Abstract.php(242): Zend_Db_Adapter_Abstract->query('SELECT `main_ta...', Array)
#4 /var/www/html/vendor/magento/framework/DB/Adapter/Pdo/Mysql.php(641): Zend_Db_Adapter_Pdo_Abstract->query('SELECT `main_ta...', Array)
#5 /var/www/html/vendor/magento/framework/DB/Adapter/Pdo/Mysql.php(667): Magento\Framework\DB\Adapter\Pdo\Mysql->Magento\Framework\DB\Adapter\Pdo\{closure}()
#6 /var/www/html/vendor/magento/framework/DB/Adapter/Pdo/Mysql.php(641): Magento\Framework\DB\Adapter\Pdo\Mysql->performQuery(Object(Closure))
#7 /var/www/html/vendor/magento/framework/DB/Adapter/Pdo/Mysql.php(731): Magento\Framework\DB\Adapter\Pdo\Mysql->_query('SELECT `main_ta...', Array)
#8 /var/www/html/generated/code/Magento/Framework/DB/Adapter/Pdo/Mysql/Interceptor.php(95): Magento\Framework\DB\Adapter\Pdo\Mysql->query(Object(Magento\Framework\DB\Select), Array)
#9 /var/www/html/vendor/magento/zend-db/library/Zend/Db/Adapter/Abstract.php(737): Magento\Framework\DB\Adapter\Pdo\Mysql\Interceptor->query(Object(Magento\Framework\DB\Select), Array)
#10 /var/www/html/generated/code/Magento/Framework/DB/Adapter/Pdo/Mysql/Interceptor.php(1094): Zend_Db_Adapter_Abstract->fetchAll(Object(Magento\Framework\DB\Select), Array, 2)
#11 /var/www/html/vendor/magento/framework/Data/Collection/Db/FetchStrategy/Query.php(21): Magento\Framework\DB\Adapter\Pdo\Mysql\Interceptor->fetchAll(Object(Magento\Framework\DB\Select), Array)
#12 /var/www/html/vendor/magento/framework/Data/Collection/AbstractDb.php(1036): Magento\Framework\Data\Collection\Db\FetchStrategy\Query->fetchAll(Object(Magento\Framework\DB\Select), Array)
#13 /var/www/html/vendor/magento/framework/Data/Collection/AbstractDb.php(925): Magento\Framework\Data\Collection\AbstractDb->_fetchAll(Object(Magento\Framework\DB\Select))
#14 /var/www/html/generated/code/Magento/Config/Model/ResourceModel/Config/Data/Collection/Interceptor.php(347): Magento\Framework\Data\Collection\AbstractDb->getData()
#15 /var/www/html/vendor/magento/framework/Data/Collection/AbstractDb.php(818): Magento\Config\Model\ResourceModel\Config\Data\Collection\Interceptor->getData()
#16 /var/www/html/generated/code/Magento/Config/Model/ResourceModel/Config/Data/Collection/Interceptor.php(329): Magento\Framework\Data\Collection\AbstractDb->loadWithFilter(false, false)
#17 /var/www/html/vendor/magento/framework/Data/Collection/AbstractDb.php(802): Magento\Config\Model\ResourceModel\Config\Data\Collection\Interceptor->loadWithFilter(false, false)
#18 /var/www/html/generated/code/Magento/Config/Model/ResourceModel/Config/Data/Collection/Interceptor.php(320): Magento\Framework\Data\Collection\AbstractDb->load(false, false)
#19 /var/www/html/vendor/magento/module-config/App/Config/Source/RuntimeConfigSource.php(89): Magento\Config\Model\ResourceModel\Config\Data\Collection\Interceptor->load()
#20 /var/www/html/vendor/magento/module-config/App/Config/Source/RuntimeConfigSource.php(72): Magento\Config\App\Config\Source\RuntimeConfigSource->loadConfig()
#21 /var/www/html/vendor/magento/framework/App/Config/ConfigSourceAggregated.php(42): Magento\Config\App\Config\Source\RuntimeConfigSource->get('')
#22 /var/www/html/vendor/magento/module-config/App/Config/Type/System/Reader.php(60): Magento\Framework\App\Config\ConfigSourceAggregated->get()
#23 /var/www/html/generated/code/Magento/Config/App/Config/Type/System/Reader/Proxy.php(105): Magento\Config\App\Config\Type\System\Reader->read()
#24 /var/www/html/vendor/magento/module-config/App/Config/Type/System.php(436): Magento\Config\App\Config\Type\System\Reader\Proxy->read()
#25 /var/www/html/vendor/magento/module-config/App/Config/Type/System.php(269): Magento\Config\App\Config\Type\System->readData()
#26 /var/www/html/vendor/magento/module-config/App/Config/Type/System.php(214): Magento\Config\App\Config\Type\System->loadDefaultScopeData()
#27 /var/www/html/vendor/magento/module-config/App/Config/Type/System.php(189): Magento\Config\App\Config\Type\System->getWithParts('default/newreli...')
#28 /var/www/html/vendor/magento/framework/App/Config.php(121): Magento\Config\App\Config\Type\System->get('default/newreli...')
#29 /var/www/html/vendor/magento/framework/App/Config.php(74): Magento\Framework\App\Config->get('system', 'default/newreli...')
#30 /var/www/html/vendor/magento/framework/App/Config.php(82): Magento\Framework\App\Config->getValue('newrelicreporti...', 'default', NULL)
#31 /var/www/html/vendor/magento/module-new-relic-reporting/Model/Config.php(94): Magento\Framework\App\Config->isSetFlag('newrelicreporti...')
#32 /var/www/html/vendor/magento/module-new-relic-reporting/Plugin/HttpPlugin.php(49): Magento\NewRelicReporting\Model\Config->isNewRelicEnabled()
#33 /var/www/html/vendor/magento/framework/Interception/Interceptor.php(121): Magento\NewRelicReporting\Plugin\HttpPlugin->beforeCatchException(Object(Magento\Framework\App\Http\Interceptor), Object(Magento\Framework\App\Bootstrap), Object(Exception))
#34 /var/www/html/vendor/magento/framework/Interception/Interceptor.php(153): Magento\Framework\App\Http\Interceptor->Magento\Framework\Interception\{closure}(Object(Magento\Framework\App\Bootstrap), Object(Exception))
#35 /var/www/html/generated/code/Magento/Framework/App/Http/Interceptor.php(32): Magento\Framework\App\Http\Interceptor->___callPlugins('catchException', Array, Array)
#36 /var/www/html/vendor/magento/framework/App/Bootstrap.php(270): Magento\Framework\App\Http\Interceptor->catchException(Object(Magento\Framework\App\Bootstrap), Object(Exception))
#37 /var/www/html/pub/index.php(30): Magento\Framework\App\Bootstrap->run(Object(Magento\Framework\App\Http\Interceptor))
#38 {main} {"exception":"[object] (Zend_Db_Adapter_Exception(code: 2002): SQLSTATE[HY000] [2002] Connection refused at /var/www/html/vendor/magento/zend-db/library/Zend/Db/Adapter/Pdo/Abstract.php:148)
[previous exception] [object] (PDOException(code: 2002): SQLSTATE[HY000] [2002] Connection refused at /var/www/html/vendor/magento/zend-db/library/Zend/Db/Adapter/Pdo/Abstract.php:128)"} []
[2025-04-30T07:01:35.106676+00:00] main.ERROR: MySQL connection failed: SQLSTATE[HY000] [2002] Connection refused [] []
[2025-04-30T07:01:47.651979+00:00] main.ERROR: MySQL connection failed: SQLSTATE[HY000] [2002] Connection refused [] []
[2025-04-30T07:02:01.086993+00:00] main.ERROR: MySQL connection failed: SQLSTATE[HY000] [2002] php_network_getaddresses: getaddrinfo for mysql-db failed: Name or service not known [] []
[2025-04-30T07:02:13.429298+00:00] main.ERROR: Error: Application is not installed yet.  [] []
[2025-04-30T07:02:24.755902+00:00] main.ERROR: MySQL connection failed: SQLSTATE[HY000] [2002] php_network_getaddresses: getaddrinfo for mysql-db failed: Name or service not known [] []
[2025-04-30T07:02:36.545383+00:00] main.ERROR: MySQL connection failed: SQLSTATE[HY000] [2002] Connection refused [] []
[2025-04-30T07:02:39.489003+00:00] main.CRITICAL: PDOException: SQLSTATE[HY000] [2002] Connection refused in /var/www/html/vendor/magento/zend-db/library/Zend/Db/Adapter/Pdo/Abstract.php:128
Stack trace:
#0 /var/www/html/vendor/magento/zend-db/library/Zend/Db/Adapter/Pdo/Abstract.php(128): PDO->__construct('mysql:host=mysq...', 'root', Object(SensitiveParameterValue), Array)
#1 /var/www/html/vendor/magento/zend-db/library/Zend/Db/Adapter/Pdo/Mysql.php(111): Zend_Db_Adapter_Pdo_Abstract->_connect()
#2 /var/www/html/vendor/magento/framework/DB/Adapter/Pdo/Mysql.php(512): Zend_Db_Adapter_Pdo_Mysql->_connect()
#3 /var/www/html/vendor/magento/zend-db/library/Zend/Db/Adapter/Abstract.php(460): Magento\Framework\DB\Adapter\Pdo\Mysql->_connect()
#4 /var/www/html/vendor/magento/zend-db/library/Zend/Db/Adapter/Pdo/Abstract.php(242): Zend_Db_Adapter_Abstract->query('SELECT `main_ta...', Array)
#5 /var/www/html/vendor/magento/framework/DB/Adapter/Pdo/Mysql.php(641): Zend_Db_Adapter_Pdo_Abstract->query('SELECT `main_ta...', Array)
#6 /var/www/html/vendor/magento/framework/DB/Adapter/Pdo/Mysql.php(667): Magento\Framework\DB\Adapter\Pdo\Mysql->Magento\Framework\DB\Adapter\Pdo\{closure}()
#7 /var/www/html/vendor/magento/framework/DB/Adapter/Pdo/Mysql.php(641): Magento\Framework\DB\Adapter\Pdo\Mysql->performQuery(Object(Closure))
#8 /var/www/html/vendor/magento/framework/DB/Adapter/Pdo/Mysql.php(731): Magento\Framework\DB\Adapter\Pdo\Mysql->_query('SELECT `main_ta...', Array)
#9 /var/www/html/generated/code/Magento/Framework/DB/Adapter/Pdo/Mysql/Interceptor.php(95): Magento\Framework\DB\Adapter\Pdo\Mysql->query(Object(Magento\Framework\DB\Select), Array)
#10 /var/www/html/vendor/magento/zend-db/library/Zend/Db/Adapter/Abstract.php(737): Magento\Framework\DB\Adapter\Pdo\Mysql\Interceptor->query(Object(Magento\Framework\DB\Select), Array)
#11 /var/www/html/generated/code/Magento/Framework/DB/Adapter/Pdo/Mysql/Interceptor.php(1094): Zend_Db_Adapter_Abstract->fetchAll(Object(Magento\Framework\DB\Select), Array, 2)
#12 /var/www/html/vendor/magento/framework/Data/Collection/Db/FetchStrategy/Query.php(21): Magento\Framework\DB\Adapter\Pdo\Mysql\Interceptor->fetchAll(Object(Magento\Framework\DB\Select), Array)
#13 /var/www/html/vendor/magento/framework/Data/Collection/AbstractDb.php(1036): Magento\Framework\Data\Collection\Db\FetchStrategy\Query->fetchAll(Object(Magento\Framework\DB\Select), Array)
#14 /var/www/html/vendor/magento/framework/Data/Collection/AbstractDb.php(925): Magento\Framework\Data\Collection\AbstractDb->_fetchAll(Object(Magento\Framework\DB\Select))
#15 /var/www/html/generated/code/Magento/Config/Model/ResourceModel/Config/Data/Collection/Interceptor.php(347): Magento\Framework\Data\Collection\AbstractDb->getData()
#16 /var/www/html/vendor/magento/framework/Data/Collection/AbstractDb.php(818): Magento\Config\Model\ResourceModel\Config\Data\Collection\Interceptor->getData()
#17 /var/www/html/generated/code/Magento/Config/Model/ResourceModel/Config/Data/Collection/Interceptor.php(329): Magento\Framework\Data\Collection\AbstractDb->loadWithFilter(false, false)
#18 /var/www/html/vendor/magento/framework/Data/Collection/AbstractDb.php(802): Magento\Config\Model\ResourceModel\Config\Data\Collection\Interceptor->loadWithFilter(false, false)
#19 /var/www/html/generated/code/Magento/Config/Model/ResourceModel/Config/Data/Collection/Interceptor.php(320): Magento\Framework\Data\Collection\AbstractDb->load(false, false)
#20 /var/www/html/vendor/magento/module-config/App/Config/Source/RuntimeConfigSource.php(89): Magento\Config\Model\ResourceModel\Config\Data\Collection\Interceptor->load()
#21 /var/www/html/vendor/magento/module-config/App/Config/Source/RuntimeConfigSource.php(72): Magento\Config\App\Config\Source\RuntimeConfigSource->loadConfig()
#22 /var/www/html/vendor/magento/framework/App/Config/ConfigSourceAggregated.php(42): Magento\Config\App\Config\Source\RuntimeConfigSource->get('')
#23 /var/www/html/vendor/magento/module-config/App/Config/Type/System/Reader.php(60): Magento\Framework\App\Config\ConfigSourceAggregated->get()
#24 /var/www/html/generated/code/Magento/Config/App/Config/Type/System/Reader/Proxy.php(105): Magento\Config\App\Config\Type\System\Reader->read()
#25 /var/www/html/vendor/magento/module-config/App/Config/Type/System.php(436): Magento\Config\App\Config\Type\System\Reader\Proxy->read()
#26 /var/www/html/vendor/magento/module-config/App/Config/Type/System.php(269): Magento\Config\App\Config\Type\System->readData()
#27 /var/www/html/vendor/magento/module-config/App/Config/Type/System.php(214): Magento\Config\App\Config\Type\System->loadDefaultScopeData()
#28 /var/www/html/vendor/magento/module-config/App/Config/Type/System.php(189): Magento\Config\App\Config\Type\System->getWithParts('default/newreli...')
#29 /var/www/html/vendor/magento/framework/App/Config.php(121): Magento\Config\App\Config\Type\System->get('default/newreli...')
#30 /var/www/html/vendor/magento/framework/App/Config.php(74): Magento\Framework\App\Config->get('system', 'default/newreli...')
#31 /var/www/html/vendor/magento/framework/App/Config.php(82): Magento\Framework\App\Config->getValue('newrelicreporti...', 'default', NULL)
#32 /var/www/html/vendor/magento/module-new-relic-reporting/Model/Config.php(94): Magento\Framework\App\Config->isSetFlag('newrelicreporti...')
#33 /var/www/html/vendor/magento/module-new-relic-reporting/Plugin/HttpPlugin.php(49): Magento\NewRelicReporting\Model\Config->isNewRelicEnabled()
#34 /var/www/html/vendor/magento/framework/Interception/Interceptor.php(121): Magento\NewRelicReporting\Plugin\HttpPlugin->beforeCatchException(Object(Magento\Framework\App\Http\Interceptor), Object(Magento\Framework\App\Bootstrap), Object(Exception))
#35 /var/www/html/vendor/magento/framework/Interception/Interceptor.php(153): Magento\Framework\App\Http\Interceptor->Magento\Framework\Interception\{closure}(Object(Magento\Framework\App\Bootstrap), Object(Exception))
#36 /var/www/html/generated/code/Magento/Framework/App/Http/Interceptor.php(32): Magento\Framework\App\Http\Interceptor->___callPlugins('catchException', Array, Array)
#37 /var/www/html/vendor/magento/framework/App/Bootstrap.php(270): Magento\Framework\App\Http\Interceptor->catchException(Object(Magento\Framework\App\Bootstrap), Object(Exception))
#38 /var/www/html/pub/index.php(30): Magento\Framework\App\Bootstrap->run(Object(Magento\Framework\App\Http\Interceptor))
#39 {main}

Next Zend_Db_Adapter_Exception: SQLSTATE[HY000] [2002] Connection refused in /var/www/html/vendor/magento/zend-db/library/Zend/Db/Adapter/Pdo/Abstract.php:148
Stack trace:
#0 /var/www/html/vendor/magento/zend-db/library/Zend/Db/Adapter/Pdo/Mysql.php(111): Zend_Db_Adapter_Pdo_Abstract->_connect()
#1 /var/www/html/vendor/magento/framework/DB/Adapter/Pdo/Mysql.php(512): Zend_Db_Adapter_Pdo_Mysql->_connect()
#2 /var/www/html/vendor/magento/zend-db/library/Zend/Db/Adapter/Abstract.php(460): Magento\Framework\DB\Adapter\Pdo\Mysql->_connect()
#3 /var/www/html/vendor/magento/zend-db/library/Zend/Db/Adapter/Pdo/Abstract.php(242): Zend_Db_Adapter_Abstract->query('SELECT `main_ta...', Array)
#4 /var/www/html/vendor/magento/framework/DB/Adapter/Pdo/Mysql.php(641): Zend_Db_Adapter_Pdo_Abstract->query('SELECT `main_ta...', Array)
#5 /var/www/html/vendor/magento/framework/DB/Adapter/Pdo/Mysql.php(667): Magento\Framework\DB\Adapter\Pdo\Mysql->Magento\Framework\DB\Adapter\Pdo\{closure}()
#6 /var/www/html/vendor/magento/framework/DB/Adapter/Pdo/Mysql.php(641): Magento\Framework\DB\Adapter\Pdo\Mysql->performQuery(Object(Closure))
#7 /var/www/html/vendor/magento/framework/DB/Adapter/Pdo/Mysql.php(731): Magento\Framework\DB\Adapter\Pdo\Mysql->_query('SELECT `main_ta...', Array)
#8 /var/www/html/generated/code/Magento/Framework/DB/Adapter/Pdo/Mysql/Interceptor.php(95): Magento\Framework\DB\Adapter\Pdo\Mysql->query(Object(Magento\Framework\DB\Select), Array)
#9 /var/www/html/vendor/magento/zend-db/library/Zend/Db/Adapter/Abstract.php(737): Magento\Framework\DB\Adapter\Pdo\Mysql\Interceptor->query(Object(Magento\Framework\DB\Select), Array)
#10 /var/www/html/generated/code/Magento/Framework/DB/Adapter/Pdo/Mysql/Interceptor.php(1094): Zend_Db_Adapter_Abstract->fetchAll(Object(Magento\Framework\DB\Select), Array, 2)
#11 /var/www/html/vendor/magento/framework/Data/Collection/Db/FetchStrategy/Query.php(21): Magento\Framework\DB\Adapter\Pdo\Mysql\Interceptor->fetchAll(Object(Magento\Framework\DB\Select), Array)
#12 /var/www/html/vendor/magento/framework/Data/Collection/AbstractDb.php(1036): Magento\Framework\Data\Collection\Db\FetchStrategy\Query->fetchAll(Object(Magento\Framework\DB\Select), Array)
#13 /var/www/html/vendor/magento/framework/Data/Collection/AbstractDb.php(925): Magento\Framework\Data\Collection\AbstractDb->_fetchAll(Object(Magento\Framework\DB\Select))
#14 /var/www/html/generated/code/Magento/Config/Model/ResourceModel/Config/Data/Collection/Interceptor.php(347): Magento\Framework\Data\Collection\AbstractDb->getData()
#15 /var/www/html/vendor/magento/framework/Data/Collection/AbstractDb.php(818): Magento\Config\Model\ResourceModel\Config\Data\Collection\Interceptor->getData()
#16 /var/www/html/generated/code/Magento/Config/Model/ResourceModel/Config/Data/Collection/Interceptor.php(329): Magento\Framework\Data\Collection\AbstractDb->loadWithFilter(false, false)
#17 /var/www/html/vendor/magento/framework/Data/Collection/AbstractDb.php(802): Magento\Config\Model\ResourceModel\Config\Data\Collection\Interceptor->loadWithFilter(false, false)
#18 /var/www/html/generated/code/Magento/Config/Model/ResourceModel/Config/Data/Collection/Interceptor.php(320): Magento\Framework\Data\Collection\AbstractDb->load(false, false)
#19 /var/www/html/vendor/magento/module-config/App/Config/Source/RuntimeConfigSource.php(89): Magento\Config\Model\ResourceModel\Config\Data\Collection\Interceptor->load()
#20 /var/www/html/vendor/magento/module-config/App/Config/Source/RuntimeConfigSource.php(72): Magento\Config\App\Config\Source\RuntimeConfigSource->loadConfig()
#21 /var/www/html/vendor/magento/framework/App/Config/ConfigSourceAggregated.php(42): Magento\Config\App\Config\Source\RuntimeConfigSource->get('')
#22 /var/www/html/vendor/magento/module-config/App/Config/Type/System/Reader.php(60): Magento\Framework\App\Config\ConfigSourceAggregated->get()
#23 /var/www/html/generated/code/Magento/Config/App/Config/Type/System/Reader/Proxy.php(105): Magento\Config\App\Config\Type\System\Reader->read()
#24 /var/www/html/vendor/magento/module-config/App/Config/Type/System.php(436): Magento\Config\App\Config\Type\System\Reader\Proxy->read()
#25 /var/www/html/vendor/magento/module-config/App/Config/Type/System.php(269): Magento\Config\App\Config\Type\System->readData()
#26 /var/www/html/vendor/magento/module-config/App/Config/Type/System.php(214): Magento\Config\App\Config\Type\System->loadDefaultScopeData()
#27 /var/www/html/vendor/magento/module-config/App/Config/Type/System.php(189): Magento\Config\App\Config\Type\System->getWithParts('default/newreli...')
#28 /var/www/html/vendor/magento/framework/App/Config.php(121): Magento\Config\App\Config\Type\System->get('default/newreli...')
#29 /var/www/html/vendor/magento/framework/App/Config.php(74): Magento\Framework\App\Config->get('system', 'default/newreli...')
#30 /var/www/html/vendor/magento/framework/App/Config.php(82): Magento\Framework\App\Config->getValue('newrelicreporti...', 'default', NULL)
#31 /var/www/html/vendor/magento/module-new-relic-reporting/Model/Config.php(94): Magento\Framework\App\Config->isSetFlag('newrelicreporti...')
#32 /var/www/html/vendor/magento/module-new-relic-reporting/Plugin/HttpPlugin.php(49): Magento\NewRelicReporting\Model\Config->isNewRelicEnabled()
#33 /var/www/html/vendor/magento/framework/Interception/Interceptor.php(121): Magento\NewRelicReporting\Plugin\HttpPlugin->beforeCatchException(Object(Magento\Framework\App\Http\Interceptor), Object(Magento\Framework\App\Bootstrap), Object(Exception))
#34 /var/www/html/vendor/magento/framework/Interception/Interceptor.php(153): Magento\Framework\App\Http\Interceptor->Magento\Framework\Interception\{closure}(Object(Magento\Framework\App\Bootstrap), Object(Exception))
#35 /var/www/html/generated/code/Magento/Framework/App/Http/Interceptor.php(32): Magento\Framework\App\Http\Interceptor->___callPlugins('catchException', Array, Array)
#36 /var/www/html/vendor/magento/framework/App/Bootstrap.php(270): Magento\Framework\App\Http\Interceptor->catchException(Object(Magento\Framework\App\Bootstrap), Object(Exception))
#37 /var/www/html/pub/index.php(30): Magento\Framework\App\Bootstrap->run(Object(Magento\Framework\App\Http\Interceptor))
#38 {main} {"exception":"[object] (Zend_Db_Adapter_Exception(code: 2002): SQLSTATE[HY000] [2002] Connection refused at /var/www/html/vendor/magento/zend-db/library/Zend/Db/Adapter/Pdo/Abstract.php:148)
[previous exception] [object] (PDOException(code: 2002): SQLSTATE[HY000] [2002] Connection refused at /var/www/html/vendor/magento/zend-db/library/Zend/Db/Adapter/Pdo/Abstract.php:128)"} []
[2025-04-30T07:03:08.734801+00:00] main.ERROR: MySQL connection failed: SQLSTATE[HY000] [2002] php_network_getaddresses: getaddrinfo for mysql-db failed: Name or service not known [] []
[2025-04-30T07:03:11.774672+00:00] main.ERROR: MySQL connection failed: SQLSTATE[HY000] [2002] Connection refused [] []
[2025-04-30T07:03:33.893542+00:00] main.ERROR: Error: Application is not installed yet.  [] []
[2025-04-30T07:03:36.928349+00:00] main.ERROR: MySQL connection failed: SQLSTATE[HY000] [2002] php_network_getaddresses: getaddrinfo for mysql-db failed: Name or service not known [] []
[2025-04-30T07:03:43.940076+00:00] main.ERROR: MySQL connection failed: SQLSTATE[HY000] [2002] Connection refused [] []
