[2025-04-30T07:01:34.023833+00:00] main.CRITICAL: PDOException: SQLSTATE[HY000] [2002] Connection refused in /var/www/html/vendor/magento/zend-db/library/Zend/Db/Adapter/Pdo/Abstract.php:128
Stack trace:
#0 /var/www/html/vendor/magento/zend-db/library/Zend/Db/Adapter/Pdo/Abstract.php(128): PDO->__construct('mysql:host=mysq...', 'root', Object(SensitiveParameterValue), Array)
#1 /var/www/html/vendor/magento/zend-db/library/Zend/Db/Adapter/Pdo/Mysql.php(111): Zend_Db_Adapter_Pdo_Abstract->_connect()
#2 /var/www/html/vendor/magento/framework/DB/Adapter/Pdo/Mysql.php(512): Zend_Db_Adapter_Pdo_Mysql->_connect()
#3 /var/www/html/vendor/magento/zend-db/library/Zend/Db/Adapter/Abstract.php(460): Magento\Framework\DB\Adapter\Pdo\Mysql->_connect()
#4 /var/www/html/vendor/magento/zend-db/library/Zend/Db/Adapter/Pdo/Abstract.php(242): Zend_Db_Adapter_Abstract->query('SELECT `main_ta...', Array)
#5 /var/www/html/vendor/magento/framework/DB/Adapter/Pdo/Mysql.php(641): Zend_Db_Adapter_Pdo_Abstract->query('SELECT `main_ta...', Array)
#6 /var/www/html/vendor/magento/framework/DB/Adapter/Pdo/Mysql.php(667): Magento\Framework\DB\Adapter\Pdo\Mysql->Magento\Framework\DB\Adapter\Pdo\{closure}()
#7 /var/www/html/vendor/magento/framework/DB/Adapter/Pdo/Mysql.php(641): Magento\Framework\DB\Adapter\Pdo\Mysql->performQuery(Object(Closure))
#8 /var/www/html/vendor/magento/framework/DB/Adapter/Pdo/Mysql.php(731): Magento\Framework\DB\Adapter\Pdo\Mysql->_query('SELECT `main_ta...', Array)
#9 /var/www/html/generated/code/Magento/Framework/DB/Adapter/Pdo/Mysql/Interceptor.php(95): Magento\Framework\DB\Adapter\Pdo\Mysql->query(Object(Magento\Framework\DB\Select), Array)
#10 /var/www/html/vendor/magento/zend-db/library/Zend/Db/Adapter/Abstract.php(737): Magento\Framework\DB\Adapter\Pdo\Mysql\Interceptor->query(Object(Magento\Framework\DB\Select), Array)
#11 /var/www/html/generated/code/Magento/Framework/DB/Adapter/Pdo/Mysql/Interceptor.php(1094): Zend_Db_Adapter_Abstract->fetchAll(Object(Magento\Framework\DB\Select), Array, 2)
#12 /var/www/html/vendor/magento/framework/Data/Collection/Db/FetchStrategy/Query.php(21): Magento\Framework\DB\Adapter\Pdo\Mysql\Interceptor->fetchAll(Object(Magento\Framework\DB\Select), Array)
#13 /var/www/html/vendor/magento/framework/Data/Collection/AbstractDb.php(1036): Magento\Framework\Data\Collection\Db\FetchStrategy\Query->fetchAll(Object(Magento\Framework\DB\Select), Array)
#14 /var/www/html/vendor/magento/framework/Data/Collection/AbstractDb.php(925): Magento\Framework\Data\Collection\AbstractDb->_fetchAll(Object(Magento\Framework\DB\Select))
#15 /var/www/html/generated/code/Magento/Config/Model/ResourceModel/Config/Data/Collection/Interceptor.php(347): Magento\Framework\Data\Collection\AbstractDb->getData()
#16 /var/www/html/vendor/magento/framework/Data/Collection/AbstractDb.php(818): Magento\Config\Model\ResourceModel\Config\Data\Collection\Interceptor->getData()
#17 /var/www/html/generated/code/Magento/Config/Model/ResourceModel/Config/Data/Collection/Interceptor.php(329): Magento\Framework\Data\Collection\AbstractDb->loadWithFilter(false, false)
#18 /var/www/html/vendor/magento/framework/Data/Collection/AbstractDb.php(802): Magento\Config\Model\ResourceModel\Config\Data\Collection\Interceptor->loadWithFilter(false, false)
#19 /var/www/html/generated/code/Magento/Config/Model/ResourceModel/Config/Data/Collection/Interceptor.php(320): Magento\Framework\Data\Collection\AbstractDb->load(false, false)
#20 /var/www/html/vendor/magento/module-config/App/Config/Source/RuntimeConfigSource.php(89): Magento\Config\Model\ResourceModel\Config\Data\Collection\Interceptor->load()
#21 /var/www/html/vendor/magento/module-config/App/Config/Source/RuntimeConfigSource.php(72): Magento\Config\App\Config\Source\RuntimeConfigSource->loadConfig()
#22 /var/www/html/vendor/magento/framework/App/Config/ConfigSourceAggregated.php(42): Magento\Config\App\Config\Source\RuntimeConfigSource->get('')
#23 /var/www/html/vendor/magento/module-config/App/Config/Type/System/Reader.php(60): Magento\Framework\App\Config\ConfigSourceAggregated->get()
#24 /var/www/html/generated/code/Magento/Config/App/Config/Type/System/Reader/Proxy.php(105): Magento\Config\App\Config\Type\System\Reader->read()
#25 /var/www/html/vendor/magento/module-config/App/Config/Type/System.php(436): Magento\Config\App\Config\Type\System\Reader\Proxy->read()
#26 /var/www/html/vendor/magento/module-config/App/Config/Type/System.php(269): Magento\Config\App\Config\Type\System->readData()
#27 /var/www/html/vendor/magento/module-config/App/Config/Type/System.php(214): Magento\Config\App\Config\Type\System->loadDefaultScopeData()
#28 /var/www/html/vendor/magento/module-config/App/Config/Type/System.php(189): Magento\Config\App\Config\Type\System->getWithParts('default/newreli...')
#29 /var/www/html/vendor/magento/framework/App/Config.php(121): Magento\Config\App\Config\Type\System->get('default/newreli...')
#30 /var/www/html/vendor/magento/framework/App/Config.php(74): Magento\Framework\App\Config->get('system', 'default/newreli...')
#31 /var/www/html/vendor/magento/framework/App/Config.php(82): Magento\Framework\App\Config->getValue('newrelicreporti...', 'default', NULL)
#32 /var/www/html/vendor/magento/module-new-relic-reporting/Model/Config.php(94): Magento\Framework\App\Config->isSetFlag('newrelicreporti...')
#33 /var/www/html/vendor/magento/module-new-relic-reporting/Plugin/HttpPlugin.php(49): Magento\NewRelicReporting\Model\Config->isNewRelicEnabled()
#34 /var/www/html/vendor/magento/framework/Interception/Interceptor.php(121): Magento\NewRelicReporting\Plugin\HttpPlugin->beforeCatchException(Object(Magento\Framework\App\Http\Interceptor), Object(Magento\Framework\App\Bootstrap), Object(Exception))
#35 /var/www/html/vendor/magento/framework/Interception/Interceptor.php(153): Magento\Framework\App\Http\Interceptor->Magento\Framework\Interception\{closure}(Object(Magento\Framework\App\Bootstrap), Object(Exception))
#36 /var/www/html/generated/code/Magento/Framework/App/Http/Interceptor.php(32): Magento\Framework\App\Http\Interceptor->___callPlugins('catchException', Array, Array)
#37 /var/www/html/vendor/magento/framework/App/Bootstrap.php(270): Magento\Framework\App\Http\Interceptor->catchException(Object(Magento\Framework\App\Bootstrap), Object(Exception))
#38 /var/www/html/pub/index.php(30): Magento\Framework\App\Bootstrap->run(Object(Magento\Framework\App\Http\Interceptor))
#39 {main}

Next Zend_Db_Adapter_Exception: SQLSTATE[HY000] [2002] Connection refused in /var/www/html/vendor/magento/zend-db/library/Zend/Db/Adapter/Pdo/Abstract.php:148
Stack trace:
#0 /var/www/html/vendor/magento/zend-db/library/Zend/Db/Adapter/Pdo/Mysql.php(111): Zend_Db_Adapter_Pdo_Abstract->_connect()
#1 /var/www/html/vendor/magento/framework/DB/Adapter/Pdo/Mysql.php(512): Zend_Db_Adapter_Pdo_Mysql->_connect()
#2 /var/www/html/vendor/magento/zend-db/library/Zend/Db/Adapter/Abstract.php(460): Magento\Framework\DB\Adapter\Pdo\Mysql->_connect()
#3 /var/www/html/vendor/magento/zend-db/library/Zend/Db/Adapter/Pdo/Abstract.php(242): Zend_Db_Adapter_Abstract->query('SELECT `main_ta...', Array)
#4 /var/www/html/vendor/magento/framework/DB/Adapter/Pdo/Mysql.php(641): Zend_Db_Adapter_Pdo_Abstract->query('SELECT `main_ta...', Array)
#5 /var/www/html/vendor/magento/framework/DB/Adapter/Pdo/Mysql.php(667): Magento\Framework\DB\Adapter\Pdo\Mysql->Magento\Framework\DB\Adapter\Pdo\{closure}()
#6 /var/www/html/vendor/magento/framework/DB/Adapter/Pdo/Mysql.php(641): Magento\Framework\DB\Adapter\Pdo\Mysql->performQuery(Object(Closure))
#7 /var/www/html/vendor/magento/framework/DB/Adapter/Pdo/Mysql.php(731): Magento\Framework\DB\Adapter\Pdo\Mysql->_query('SELECT `main_ta...', Array)
#8 /var/www/html/generated/code/Magento/Framework/DB/Adapter/Pdo/Mysql/Interceptor.php(95): Magento\Framework\DB\Adapter\Pdo\Mysql->query(Object(Magento\Framework\DB\Select), Array)
#9 /var/www/html/vendor/magento/zend-db/library/Zend/Db/Adapter/Abstract.php(737): Magento\Framework\DB\Adapter\Pdo\Mysql\Interceptor->query(Object(Magento\Framework\DB\Select), Array)
#10 /var/www/html/generated/code/Magento/Framework/DB/Adapter/Pdo/Mysql/Interceptor.php(1094): Zend_Db_Adapter_Abstract->fetchAll(Object(Magento\Framework\DB\Select), Array, 2)
#11 /var/www/html/vendor/magento/framework/Data/Collection/Db/FetchStrategy/Query.php(21): Magento\Framework\DB\Adapter\Pdo\Mysql\Interceptor->fetchAll(Object(Magento\Framework\DB\Select), Array)
#12 /var/www/html/vendor/magento/framework/Data/Collection/AbstractDb.php(1036): Magento\Framework\Data\Collection\Db\FetchStrategy\Query->fetchAll(Object(Magento\Framework\DB\Select), Array)
#13 /var/www/html/vendor/magento/framework/Data/Collection/AbstractDb.php(925): Magento\Framework\Data\Collection\AbstractDb->_fetchAll(Object(Magento\Framework\DB\Select))
#14 /var/www/html/generated/code/Magento/Config/Model/ResourceModel/Config/Data/Collection/Interceptor.php(347): Magento\Framework\Data\Collection\AbstractDb->getData()
#15 /var/www/html/vendor/magento/framework/Data/Collection/AbstractDb.php(818): Magento\Config\Model\ResourceModel\Config\Data\Collection\Interceptor->getData()
#16 /var/www/html/generated/code/Magento/Config/Model/ResourceModel/Config/Data/Collection/Interceptor.php(329): Magento\Framework\Data\Collection\AbstractDb->loadWithFilter(false, false)
#17 /var/www/html/vendor/magento/framework/Data/Collection/AbstractDb.php(802): Magento\Config\Model\ResourceModel\Config\Data\Collection\Interceptor->loadWithFilter(false, false)
#18 /var/www/html/generated/code/Magento/Config/Model/ResourceModel/Config/Data/Collection/Interceptor.php(320): Magento\Framework\Data\Collection\AbstractDb->load(false, false)
#19 /var/www/html/vendor/magento/module-config/App/Config/Source/RuntimeConfigSource.php(89): Magento\Config\Model\ResourceModel\Config\Data\Collection\Interceptor->load()
#20 /var/www/html/vendor/magento/module-config/App/Config/Source/RuntimeConfigSource.php(72): Magento\Config\App\Config\Source\RuntimeConfigSource->loadConfig()
#21 /var/www/html/vendor/magento/framework/App/Config/ConfigSourceAggregated.php(42): Magento\Config\App\Config\Source\RuntimeConfigSource->get('')
#22 /var/www/html/vendor/magento/module-config/App/Config/Type/System/Reader.php(60): Magento\Framework\App\Config\ConfigSourceAggregated->get()
#23 /var/www/html/generated/code/Magento/Config/App/Config/Type/System/Reader/Proxy.php(105): Magento\Config\App\Config\Type\System\Reader->read()
#24 /var/www/html/vendor/magento/module-config/App/Config/Type/System.php(436): Magento\Config\App\Config\Type\System\Reader\Proxy->read()
#25 /var/www/html/vendor/magento/module-config/App/Config/Type/System.php(269): Magento\Config\App\Config\Type\System->readData()
#26 /var/www/html/vendor/magento/module-config/App/Config/Type/System.php(214): Magento\Config\App\Config\Type\System->loadDefaultScopeData()
#27 /var/www/html/vendor/magento/module-config/App/Config/Type/System.php(189): Magento\Config\App\Config\Type\System->getWithParts('default/newreli...')
#28 /var/www/html/vendor/magento/framework/App/Config.php(121): Magento\Config\App\Config\Type\System->get('default/newreli...')
#29 /var/www/html/vendor/magento/framework/App/Config.php(74): Magento\Framework\App\Config->get('system', 'default/newreli...')
#30 /var/www/html/vendor/magento/framework/App/Config.php(82): Magento\Framework\App\Config->getValue('newrelicreporti...', 'default', NULL)
#31 /var/www/html/vendor/magento/module-new-relic-reporting/Model/Config.php(94): Magento\Framework\App\Config->isSetFlag('newrelicreporti...')
#32 /var/www/html/vendor/magento/module-new-relic-reporting/Plugin/HttpPlugin.php(49): Magento\NewRelicReporting\Model\Config->isNewRelicEnabled()
#33 /var/www/html/vendor/magento/framework/Interception/Interceptor.php(121): Magento\NewRelicReporting\Plugin\HttpPlugin->beforeCatchException(Object(Magento\Framework\App\Http\Interceptor), Object(Magento\Framework\App\Bootstrap), Object(Exception))
#34 /var/www/html/vendor/magento/framework/Interception/Interceptor.php(153): Magento\Framework\App\Http\Interceptor->Magento\Framework\Interception\{closure}(Object(Magento\Framework\App\Bootstrap), Object(Exception))
#35 /var/www/html/generated/code/Magento/Framework/App/Http/Interceptor.php(32): Magento\Framework\App\Http\Interceptor->___callPlugins('catchException', Array, Array)
#36 /var/www/html/vendor/magento/framework/App/Bootstrap.php(270): Magento\Framework\App\Http\Interceptor->catchException(Object(Magento\Framework\App\Bootstrap), Object(Exception))
#37 /var/www/html/pub/index.php(30): Magento\Framework\App\Bootstrap->run(Object(Magento\Framework\App\Http\Interceptor))
#38 {main} {"exception":"[object] (Zend_Db_Adapter_Exception(code: 2002): SQLSTATE[HY000] [2002] Connection refused at /var/www/html/vendor/magento/zend-db/library/Zend/Db/Adapter/Pdo/Abstract.php:148)
[previous exception] [object] (PDOException(code: 2002): SQLSTATE[HY000] [2002] Connection refused at /var/www/html/vendor/magento/zend-db/library/Zend/Db/Adapter/Pdo/Abstract.php:128)"} []
[2025-04-30T07:02:39.489003+00:00] main.CRITICAL: PDOException: SQLSTATE[HY000] [2002] Connection refused in /var/www/html/vendor/magento/zend-db/library/Zend/Db/Adapter/Pdo/Abstract.php:128
Stack trace:
#0 /var/www/html/vendor/magento/zend-db/library/Zend/Db/Adapter/Pdo/Abstract.php(128): PDO->__construct('mysql:host=mysq...', 'root', Object(SensitiveParameterValue), Array)
#1 /var/www/html/vendor/magento/zend-db/library/Zend/Db/Adapter/Pdo/Mysql.php(111): Zend_Db_Adapter_Pdo_Abstract->_connect()
#2 /var/www/html/vendor/magento/framework/DB/Adapter/Pdo/Mysql.php(512): Zend_Db_Adapter_Pdo_Mysql->_connect()
#3 /var/www/html/vendor/magento/zend-db/library/Zend/Db/Adapter/Abstract.php(460): Magento\Framework\DB\Adapter\Pdo\Mysql->_connect()
#4 /var/www/html/vendor/magento/zend-db/library/Zend/Db/Adapter/Pdo/Abstract.php(242): Zend_Db_Adapter_Abstract->query('SELECT `main_ta...', Array)
#5 /var/www/html/vendor/magento/framework/DB/Adapter/Pdo/Mysql.php(641): Zend_Db_Adapter_Pdo_Abstract->query('SELECT `main_ta...', Array)
#6 /var/www/html/vendor/magento/framework/DB/Adapter/Pdo/Mysql.php(667): Magento\Framework\DB\Adapter\Pdo\Mysql->Magento\Framework\DB\Adapter\Pdo\{closure}()
#7 /var/www/html/vendor/magento/framework/DB/Adapter/Pdo/Mysql.php(641): Magento\Framework\DB\Adapter\Pdo\Mysql->performQuery(Object(Closure))
#8 /var/www/html/vendor/magento/framework/DB/Adapter/Pdo/Mysql.php(731): Magento\Framework\DB\Adapter\Pdo\Mysql->_query('SELECT `main_ta...', Array)
#9 /var/www/html/generated/code/Magento/Framework/DB/Adapter/Pdo/Mysql/Interceptor.php(95): Magento\Framework\DB\Adapter\Pdo\Mysql->query(Object(Magento\Framework\DB\Select), Array)
#10 /var/www/html/vendor/magento/zend-db/library/Zend/Db/Adapter/Abstract.php(737): Magento\Framework\DB\Adapter\Pdo\Mysql\Interceptor->query(Object(Magento\Framework\DB\Select), Array)
#11 /var/www/html/generated/code/Magento/Framework/DB/Adapter/Pdo/Mysql/Interceptor.php(1094): Zend_Db_Adapter_Abstract->fetchAll(Object(Magento\Framework\DB\Select), Array, 2)
#12 /var/www/html/vendor/magento/framework/Data/Collection/Db/FetchStrategy/Query.php(21): Magento\Framework\DB\Adapter\Pdo\Mysql\Interceptor->fetchAll(Object(Magento\Framework\DB\Select), Array)
#13 /var/www/html/vendor/magento/framework/Data/Collection/AbstractDb.php(1036): Magento\Framework\Data\Collection\Db\FetchStrategy\Query->fetchAll(Object(Magento\Framework\DB\Select), Array)
#14 /var/www/html/vendor/magento/framework/Data/Collection/AbstractDb.php(925): Magento\Framework\Data\Collection\AbstractDb->_fetchAll(Object(Magento\Framework\DB\Select))
#15 /var/www/html/generated/code/Magento/Config/Model/ResourceModel/Config/Data/Collection/Interceptor.php(347): Magento\Framework\Data\Collection\AbstractDb->getData()
#16 /var/www/html/vendor/magento/framework/Data/Collection/AbstractDb.php(818): Magento\Config\Model\ResourceModel\Config\Data\Collection\Interceptor->getData()
#17 /var/www/html/generated/code/Magento/Config/Model/ResourceModel/Config/Data/Collection/Interceptor.php(329): Magento\Framework\Data\Collection\AbstractDb->loadWithFilter(false, false)
#18 /var/www/html/vendor/magento/framework/Data/Collection/AbstractDb.php(802): Magento\Config\Model\ResourceModel\Config\Data\Collection\Interceptor->loadWithFilter(false, false)
#19 /var/www/html/generated/code/Magento/Config/Model/ResourceModel/Config/Data/Collection/Interceptor.php(320): Magento\Framework\Data\Collection\AbstractDb->load(false, false)
#20 /var/www/html/vendor/magento/module-config/App/Config/Source/RuntimeConfigSource.php(89): Magento\Config\Model\ResourceModel\Config\Data\Collection\Interceptor->load()
#21 /var/www/html/vendor/magento/module-config/App/Config/Source/RuntimeConfigSource.php(72): Magento\Config\App\Config\Source\RuntimeConfigSource->loadConfig()
#22 /var/www/html/vendor/magento/framework/App/Config/ConfigSourceAggregated.php(42): Magento\Config\App\Config\Source\RuntimeConfigSource->get('')
#23 /var/www/html/vendor/magento/module-config/App/Config/Type/System/Reader.php(60): Magento\Framework\App\Config\ConfigSourceAggregated->get()
#24 /var/www/html/generated/code/Magento/Config/App/Config/Type/System/Reader/Proxy.php(105): Magento\Config\App\Config\Type\System\Reader->read()
#25 /var/www/html/vendor/magento/module-config/App/Config/Type/System.php(436): Magento\Config\App\Config\Type\System\Reader\Proxy->read()
#26 /var/www/html/vendor/magento/module-config/App/Config/Type/System.php(269): Magento\Config\App\Config\Type\System->readData()
#27 /var/www/html/vendor/magento/module-config/App/Config/Type/System.php(214): Magento\Config\App\Config\Type\System->loadDefaultScopeData()
#28 /var/www/html/vendor/magento/module-config/App/Config/Type/System.php(189): Magento\Config\App\Config\Type\System->getWithParts('default/newreli...')
#29 /var/www/html/vendor/magento/framework/App/Config.php(121): Magento\Config\App\Config\Type\System->get('default/newreli...')
#30 /var/www/html/vendor/magento/framework/App/Config.php(74): Magento\Framework\App\Config->get('system', 'default/newreli...')
#31 /var/www/html/vendor/magento/framework/App/Config.php(82): Magento\Framework\App\Config->getValue('newrelicreporti...', 'default', NULL)
#32 /var/www/html/vendor/magento/module-new-relic-reporting/Model/Config.php(94): Magento\Framework\App\Config->isSetFlag('newrelicreporti...')
#33 /var/www/html/vendor/magento/module-new-relic-reporting/Plugin/HttpPlugin.php(49): Magento\NewRelicReporting\Model\Config->isNewRelicEnabled()
#34 /var/www/html/vendor/magento/framework/Interception/Interceptor.php(121): Magento\NewRelicReporting\Plugin\HttpPlugin->beforeCatchException(Object(Magento\Framework\App\Http\Interceptor), Object(Magento\Framework\App\Bootstrap), Object(Exception))
#35 /var/www/html/vendor/magento/framework/Interception/Interceptor.php(153): Magento\Framework\App\Http\Interceptor->Magento\Framework\Interception\{closure}(Object(Magento\Framework\App\Bootstrap), Object(Exception))
#36 /var/www/html/generated/code/Magento/Framework/App/Http/Interceptor.php(32): Magento\Framework\App\Http\Interceptor->___callPlugins('catchException', Array, Array)
#37 /var/www/html/vendor/magento/framework/App/Bootstrap.php(270): Magento\Framework\App\Http\Interceptor->catchException(Object(Magento\Framework\App\Bootstrap), Object(Exception))
#38 /var/www/html/pub/index.php(30): Magento\Framework\App\Bootstrap->run(Object(Magento\Framework\App\Http\Interceptor))
#39 {main}

Next Zend_Db_Adapter_Exception: SQLSTATE[HY000] [2002] Connection refused in /var/www/html/vendor/magento/zend-db/library/Zend/Db/Adapter/Pdo/Abstract.php:148
Stack trace:
#0 /var/www/html/vendor/magento/zend-db/library/Zend/Db/Adapter/Pdo/Mysql.php(111): Zend_Db_Adapter_Pdo_Abstract->_connect()
#1 /var/www/html/vendor/magento/framework/DB/Adapter/Pdo/Mysql.php(512): Zend_Db_Adapter_Pdo_Mysql->_connect()
#2 /var/www/html/vendor/magento/zend-db/library/Zend/Db/Adapter/Abstract.php(460): Magento\Framework\DB\Adapter\Pdo\Mysql->_connect()
#3 /var/www/html/vendor/magento/zend-db/library/Zend/Db/Adapter/Pdo/Abstract.php(242): Zend_Db_Adapter_Abstract->query('SELECT `main_ta...', Array)
#4 /var/www/html/vendor/magento/framework/DB/Adapter/Pdo/Mysql.php(641): Zend_Db_Adapter_Pdo_Abstract->query('SELECT `main_ta...', Array)
#5 /var/www/html/vendor/magento/framework/DB/Adapter/Pdo/Mysql.php(667): Magento\Framework\DB\Adapter\Pdo\Mysql->Magento\Framework\DB\Adapter\Pdo\{closure}()
#6 /var/www/html/vendor/magento/framework/DB/Adapter/Pdo/Mysql.php(641): Magento\Framework\DB\Adapter\Pdo\Mysql->performQuery(Object(Closure))
#7 /var/www/html/vendor/magento/framework/DB/Adapter/Pdo/Mysql.php(731): Magento\Framework\DB\Adapter\Pdo\Mysql->_query('SELECT `main_ta...', Array)
#8 /var/www/html/generated/code/Magento/Framework/DB/Adapter/Pdo/Mysql/Interceptor.php(95): Magento\Framework\DB\Adapter\Pdo\Mysql->query(Object(Magento\Framework\DB\Select), Array)
#9 /var/www/html/vendor/magento/zend-db/library/Zend/Db/Adapter/Abstract.php(737): Magento\Framework\DB\Adapter\Pdo\Mysql\Interceptor->query(Object(Magento\Framework\DB\Select), Array)
#10 /var/www/html/generated/code/Magento/Framework/DB/Adapter/Pdo/Mysql/Interceptor.php(1094): Zend_Db_Adapter_Abstract->fetchAll(Object(Magento\Framework\DB\Select), Array, 2)
#11 /var/www/html/vendor/magento/framework/Data/Collection/Db/FetchStrategy/Query.php(21): Magento\Framework\DB\Adapter\Pdo\Mysql\Interceptor->fetchAll(Object(Magento\Framework\DB\Select), Array)
#12 /var/www/html/vendor/magento/framework/Data/Collection/AbstractDb.php(1036): Magento\Framework\Data\Collection\Db\FetchStrategy\Query->fetchAll(Object(Magento\Framework\DB\Select), Array)
#13 /var/www/html/vendor/magento/framework/Data/Collection/AbstractDb.php(925): Magento\Framework\Data\Collection\AbstractDb->_fetchAll(Object(Magento\Framework\DB\Select))
#14 /var/www/html/generated/code/Magento/Config/Model/ResourceModel/Config/Data/Collection/Interceptor.php(347): Magento\Framework\Data\Collection\AbstractDb->getData()
#15 /var/www/html/vendor/magento/framework/Data/Collection/AbstractDb.php(818): Magento\Config\Model\ResourceModel\Config\Data\Collection\Interceptor->getData()
#16 /var/www/html/generated/code/Magento/Config/Model/ResourceModel/Config/Data/Collection/Interceptor.php(329): Magento\Framework\Data\Collection\AbstractDb->loadWithFilter(false, false)
#17 /var/www/html/vendor/magento/framework/Data/Collection/AbstractDb.php(802): Magento\Config\Model\ResourceModel\Config\Data\Collection\Interceptor->loadWithFilter(false, false)
#18 /var/www/html/generated/code/Magento/Config/Model/ResourceModel/Config/Data/Collection/Interceptor.php(320): Magento\Framework\Data\Collection\AbstractDb->load(false, false)
#19 /var/www/html/vendor/magento/module-config/App/Config/Source/RuntimeConfigSource.php(89): Magento\Config\Model\ResourceModel\Config\Data\Collection\Interceptor->load()
#20 /var/www/html/vendor/magento/module-config/App/Config/Source/RuntimeConfigSource.php(72): Magento\Config\App\Config\Source\RuntimeConfigSource->loadConfig()
#21 /var/www/html/vendor/magento/framework/App/Config/ConfigSourceAggregated.php(42): Magento\Config\App\Config\Source\RuntimeConfigSource->get('')
#22 /var/www/html/vendor/magento/module-config/App/Config/Type/System/Reader.php(60): Magento\Framework\App\Config\ConfigSourceAggregated->get()
#23 /var/www/html/generated/code/Magento/Config/App/Config/Type/System/Reader/Proxy.php(105): Magento\Config\App\Config\Type\System\Reader->read()
#24 /var/www/html/vendor/magento/module-config/App/Config/Type/System.php(436): Magento\Config\App\Config\Type\System\Reader\Proxy->read()
#25 /var/www/html/vendor/magento/module-config/App/Config/Type/System.php(269): Magento\Config\App\Config\Type\System->readData()
#26 /var/www/html/vendor/magento/module-config/App/Config/Type/System.php(214): Magento\Config\App\Config\Type\System->loadDefaultScopeData()
#27 /var/www/html/vendor/magento/module-config/App/Config/Type/System.php(189): Magento\Config\App\Config\Type\System->getWithParts('default/newreli...')
#28 /var/www/html/vendor/magento/framework/App/Config.php(121): Magento\Config\App\Config\Type\System->get('default/newreli...')
#29 /var/www/html/vendor/magento/framework/App/Config.php(74): Magento\Framework\App\Config->get('system', 'default/newreli...')
#30 /var/www/html/vendor/magento/framework/App/Config.php(82): Magento\Framework\App\Config->getValue('newrelicreporti...', 'default', NULL)
#31 /var/www/html/vendor/magento/module-new-relic-reporting/Model/Config.php(94): Magento\Framework\App\Config->isSetFlag('newrelicreporti...')
#32 /var/www/html/vendor/magento/module-new-relic-reporting/Plugin/HttpPlugin.php(49): Magento\NewRelicReporting\Model\Config->isNewRelicEnabled()
#33 /var/www/html/vendor/magento/framework/Interception/Interceptor.php(121): Magento\NewRelicReporting\Plugin\HttpPlugin->beforeCatchException(Object(Magento\Framework\App\Http\Interceptor), Object(Magento\Framework\App\Bootstrap), Object(Exception))
#34 /var/www/html/vendor/magento/framework/Interception/Interceptor.php(153): Magento\Framework\App\Http\Interceptor->Magento\Framework\Interception\{closure}(Object(Magento\Framework\App\Bootstrap), Object(Exception))
#35 /var/www/html/generated/code/Magento/Framework/App/Http/Interceptor.php(32): Magento\Framework\App\Http\Interceptor->___callPlugins('catchException', Array, Array)
#36 /var/www/html/vendor/magento/framework/App/Bootstrap.php(270): Magento\Framework\App\Http\Interceptor->catchException(Object(Magento\Framework\App\Bootstrap), Object(Exception))
#37 /var/www/html/pub/index.php(30): Magento\Framework\App\Bootstrap->run(Object(Magento\Framework\App\Http\Interceptor))
#38 {main} {"exception":"[object] (Zend_Db_Adapter_Exception(code: 2002): SQLSTATE[HY000] [2002] Connection refused at /var/www/html/vendor/magento/zend-db/library/Zend/Db/Adapter/Pdo/Abstract.php:148)
[previous exception] [object] (PDOException(code: 2002): SQLSTATE[HY000] [2002] Connection refused at /var/www/html/vendor/magento/zend-db/library/Zend/Db/Adapter/Pdo/Abstract.php:128)"} []
